// Jest Snapshot v1, https://goo.gl/fbAQLP

exports[`PearsonUsers component should renders correctly 1`] = `
<div>
  <h1
    className="userTitle"
  >
    Pearson User Management
  </h1>
  <ul
    className="persons"
  >
    <UserInfo
      key="0"
      onDelete={[Function]}
      user={
        Object {
          "avatar": "https://s3.amazonaws.com/uifaces/faces/twitter/marcoramires/128.jpg",
          "first_name": "Eve",
          "id": 4,
          "last_name": "Holt",
        }
      }
    />
    <UserInfo
      key="1"
      onDelete={[Function]}
      user={
        Object {
          "avatar": "https://s3.amazonaws.com/uifaces/faces/twitter/stephenmoon/128.jpg",
          "first_name": "Charles",
          "id": 5,
          "last_name": "Morris",
        }
      }
    />
    <UserInfo
      key="2"
      onDelete={[Function]}
      user={
        Object {
          "avatar": "https://s3.amazonaws.com/uifaces/faces/twitter/bigmancho/128.jpg",
          "first_name": "Tracey",
          "id": 6,
          "last_name": "Ramos",
        }
      }
    />
  </ul>
</div>
`;
