// Jest Snapshot v1, https://goo.gl/fbAQLP

exports[`UserInfo component should renders correctly 1`] = `
<li
  className="person-list"
>
  <img
    className="avatar-img"
  />
  <div
    className="person-details"
  >
    <div
      className="user-info"
    >
      <p>
         
      </p>
       
    </div>
    <button
      className="button button--link btn-delete"
      onClick={[Function]}
    >
      Delete
    </button>
  </div>
</li>
`;
